Archive member included to satisfy reference by file (symbol)

e:/iti39/embedded sessions/datasheet/arm_training/arm tools iti/arm gcc/bin/../lib/gcc/arm-none-eabi/5.4.1/armv7-m\libgcc.a(_arm_addsubdf3.o)
                              ./src/SYSTICK_prog.o (__aeabi_i2d)
e:/iti39/embedded sessions/datasheet/arm_training/arm tools iti/arm gcc/bin/../lib/gcc/arm-none-eabi/5.4.1/armv7-m\libgcc.a(_arm_muldivdf3.o)
                              ./src/SYSTICK_prog.o (__aeabi_dmul)
e:/iti39/embedded sessions/datasheet/arm_training/arm tools iti/arm gcc/bin/../lib/gcc/arm-none-eabi/5.4.1/armv7-m\libgcc.a(_arm_fixunsdfsi.o)
                              ./src/SYSTICK_prog.o (__aeabi_d2uiz)
e:/iti39/embedded sessions/datasheet/arm_training/arm tools iti/arm gcc/bin/../lib/gcc/arm-none-eabi/5.4.1/../../../../arm-none-eabi/lib/armv7-m\libg_nano.a(lib_a-errno.o)
                              ./system/src/newlib/_sbrk.o (__errno)
e:/iti39/embedded sessions/datasheet/arm_training/arm tools iti/arm gcc/bin/../lib/gcc/arm-none-eabi/5.4.1/../../../../arm-none-eabi/lib/armv7-m\libg_nano.a(lib_a-impure.o)
                              e:/iti39/embedded sessions/datasheet/arm_training/arm tools iti/arm gcc/bin/../lib/gcc/arm-none-eabi/5.4.1/../../../../arm-none-eabi/lib/armv7-m\libg_nano.a(lib_a-errno.o) (_impure_ptr)
e:/iti39/embedded sessions/datasheet/arm_training/arm tools iti/arm gcc/bin/../lib/gcc/arm-none-eabi/5.4.1/../../../../arm-none-eabi/lib/armv7-m\libg_nano.a(lib_a-strlen.o)
                              ./system/src/diag/Trace.o (strlen)
e:/iti39/embedded sessions/datasheet/arm_training/arm tools iti/arm gcc/bin/../lib/gcc/arm-none-eabi/5.4.1/../../../../arm-none-eabi/lib/armv7-m\libg_nano.a(lib_a-vsnprintf.o)
                              ./system/src/diag/Trace.o (vsnprintf)
e:/iti39/embedded sessions/datasheet/arm_training/arm tools iti/arm gcc/bin/../lib/gcc/arm-none-eabi/5.4.1/../../../../arm-none-eabi/lib/armv7-m\libg_nano.a(lib_a-nano-svfprintf.o)
                              e:/iti39/embedded sessions/datasheet/arm_training/arm tools iti/arm gcc/bin/../lib/gcc/arm-none-eabi/5.4.1/../../../../arm-none-eabi/lib/armv7-m\libg_nano.a(lib_a-vsnprintf.o) (_svfprintf_r)
e:/iti39/embedded sessions/datasheet/arm_training/arm tools iti/arm gcc/bin/../lib/gcc/arm-none-eabi/5.4.1/../../../../arm-none-eabi/lib/armv7-m\libg_nano.a(lib_a-nano-vfprintf_i.o)
                              e:/iti39/embedded sessions/datasheet/arm_training/arm tools iti/arm gcc/bin/../lib/gcc/arm-none-eabi/5.4.1/../../../../arm-none-eabi/lib/armv7-m\libg_nano.a(lib_a-nano-svfprintf.o) (_printf_i)
e:/iti39/embedded sessions/datasheet/arm_training/arm tools iti/arm gcc/bin/../lib/gcc/arm-none-eabi/5.4.1/../../../../arm-none-eabi/lib/armv7-m\libg_nano.a(lib_a-memchr-stub.o)
                              e:/iti39/embedded sessions/datasheet/arm_training/arm tools iti/arm gcc/bin/../lib/gcc/arm-none-eabi/5.4.1/../../../../arm-none-eabi/lib/armv7-m\libg_nano.a(lib_a-nano-svfprintf.o) (memchr)
e:/iti39/embedded sessions/datasheet/arm_training/arm tools iti/arm gcc/bin/../lib/gcc/arm-none-eabi/5.4.1/../../../../arm-none-eabi/lib/armv7-m\libg_nano.a(lib_a-memcpy-stub.o)
                              e:/iti39/embedded sessions/datasheet/arm_training/arm tools iti/arm gcc/bin/../lib/gcc/arm-none-eabi/5.4.1/../../../../arm-none-eabi/lib/armv7-m\libg_nano.a(lib_a-nano-svfprintf.o) (memcpy)
e:/iti39/embedded sessions/datasheet/arm_training/arm tools iti/arm gcc/bin/../lib/gcc/arm-none-eabi/5.4.1/../../../../arm-none-eabi/lib/armv7-m\libg_nano.a(lib_a-memmove.o)
                              e:/iti39/embedded sessions/datasheet/arm_training/arm tools iti/arm gcc/bin/../lib/gcc/arm-none-eabi/5.4.1/../../../../arm-none-eabi/lib/armv7-m\libg_nano.a(lib_a-nano-svfprintf.o) (memmove)
e:/iti39/embedded sessions/datasheet/arm_training/arm tools iti/arm gcc/bin/../lib/gcc/arm-none-eabi/5.4.1/../../../../arm-none-eabi/lib/armv7-m\libg_nano.a(lib_a-nano-freer.o)
                              e:/iti39/embedded sessions/datasheet/arm_training/arm tools iti/arm gcc/bin/../lib/gcc/arm-none-eabi/5.4.1/../../../../arm-none-eabi/lib/armv7-m\libg_nano.a(lib_a-nano-svfprintf.o) (_free_r)
e:/iti39/embedded sessions/datasheet/arm_training/arm tools iti/arm gcc/bin/../lib/gcc/arm-none-eabi/5.4.1/../../../../arm-none-eabi/lib/armv7-m\libg_nano.a(lib_a-nano-mallocr.o)
                              e:/iti39/embedded sessions/datasheet/arm_training/arm tools iti/arm gcc/bin/../lib/gcc/arm-none-eabi/5.4.1/../../../../arm-none-eabi/lib/armv7-m\libg_nano.a(lib_a-nano-svfprintf.o) (_malloc_r)
e:/iti39/embedded sessions/datasheet/arm_training/arm tools iti/arm gcc/bin/../lib/gcc/arm-none-eabi/5.4.1/../../../../arm-none-eabi/lib/armv7-m\libg_nano.a(lib_a-nano-reallocr.o)
[...]
Memory Configuration

Name             Origin             Length             Attributes
RAM              0x20000000         0x00005000         xrw
CCMRAM           0x00000000         0x00000000         xrw
FLASH            0x08000000         0x00020000         xr
FLASHB1          0x00000000         0x00000000         xr
EXTMEMB0         0x00000000         0x00000000         xr
EXTMEMB1         0x00000000         0x00000000         xr
EXTMEMB2         0x00000000         0x00000000         xr
EXTMEMB3         0x00000000         0x00000000         xr
MEMORY_ARRAY     0x00000000         0x00000000         xrw
*default*        0x00000000         0xffffffff

Linker script and memory map

LOAD ./system/src/stm32f1-stdperiph/misc.o
LOAD ./system/src/stm32f1-stdperiph/stm32f10x_gpio.o
LOAD ./system/src/stm32f1-stdperiph/stm32f10x_rcc.o
LOAD ./system/src/newlib/_cxx.o
LOAD ./system/src/newlib/_exit.o
LOAD ./system/src/newlib/_sbrk.o
LOAD ./system/src/newlib/_startup.o
LOAD ./system/src/newlib/_syscalls.o
LOAD ./system/src/newlib/assert.o
LOAD ./system/src/diag/Trace.o
LOAD ./system/src/diag/trace_impl.o
LOAD ./system/src/cortexm/_initialize_hardware.o
LOAD ./system/src/cortexm/_reset_hardware.o
LOAD ./system/src/cortexm/exception_handlers.o
LOAD ./system/src/cmsis/system_stm32f10x.o
LOAD ./system/src/cmsis/vectors_stm32f10x.o
LOAD ./src/App1.o
LOAD ./src/App2.o
LOAD ./src/Delay_ms.o
LOAD ./src/GPIO_prog.o
LOAD ./src/OS_prog.o
LOAD ./src/RCC_prog.o
LOAD ./src/SYSTICK_prog.o
LOAD ./src/main.o
LOAD e:/iti39/embedded sessions/datasheet/arm_training/arm tools iti/arm gcc/bin/../lib/gcc/arm-none-eabi/5.4.1/../../../../arm-none-eabi/lib/armv7-m\libstdc++_nano.a
LOAD e:/iti39/embedded sessions/datasheet/arm_training/arm tools iti/arm gcc/bin/../lib/gcc/arm-none-eabi/5.4.1/../../../../arm-none-eabi/lib/armv7-m\libm.a
START GROUP
LOAD e:/iti39/embedded sessions/datasheet/arm_training/arm tools iti/arm gcc/bin/../lib/gcc/arm-none-eabi/5.4.1/armv7-m\libgcc.a
LOAD e:/iti39/embedded sessions/datasheet/arm_training/arm tools iti/arm gcc/bin/../lib/gcc/arm-none-eabi/5.4.1/../../../../arm-none-eabi/lib/armv7-m\libg_nano.a
LOAD e:/iti39/embedded sessions/datasheet/arm_training/arm tools iti/arm gcc/bin/../lib/gcc/arm-none-eabi/5.4.1/../../../../arm-none-eabi/lib/armv7-m\libc_nano.a
END GROUP
START GROUP
LOAD e:/iti39/embedded sessions/datasheet/arm_training/arm tools iti/arm gcc/bin/../lib/gcc/arm-none-eabi/5.4.1/armv7-m\libgcc.a
LOAD e:/iti39/embedded sessions/datasheet/arm_training/arm tools iti/arm gcc/bin/../lib/gcc/arm-none-eabi/5.4.1/../../../../arm-none-eabi/lib/armv7-m\libc_nano.a
END GROUP
                0x20005000                __stack = (ORIGIN (RAM) + LENGTH (RAM))
                0x20005000                _estack = __stack
                0x00000400                __Main_Stack_Size = 0x400
                [!provide]                PROVIDE (_Main_Stack_Size, __Main_Stack_Size)
                0x20004c00                __Main_Stack_Limit = (__stack - __Main_Stack_Size)
                [!provide]                PROVIDE (_Main_Stack_Limit, __Main_Stack_Limit)
                0x00000100                _Minimum_Stack_Size = 0x100
                0x20000148                PROVIDE (_Heap_Begin, _end_noinit)
                0x20004c00                PROVIDE (_Heap_Limit, (__stack - __Main_Stack_Size))

.isr_vector     0x08000000      0x354
 FILL mask 0xff
                0x08000000                __vectors_start = ABSOLUTE (.)
                0x08000000                __vectors_start__ = ABSOLUTE (.)
 *(.isr_vector)
 .isr_vector    0x08000000      0x10c ./system/src/cmsis/vectors_stm32f10x.o
                0x08000000                __isr_vectors
 *(.cfmconfig)
 *(.after_vectors .after_vectors.*)
 .after_vectors
                0x0800010c      0x114 ./system/src/newlib/_startup.o
                0x0800010c                _start
 .after_vectors
                0x08000220      0x130 ./system/src/cortexm/exception_handlers.o
                0x08000220                Reset_Handler
                0x08000228                NMI_Handler
                0x0800022c                HardFault_Handler
                0x08000240                HardFault_Handler_C
                0x080002a0                MemManage_Handler
                0x080002a4                BusFault_Handler
                0x080002b8                BusFault_Handler_C
                0x080002ec                UsageFault_Handler
                0x08000300                UsageFault_Handler_C
                0x08000334                SVC_Handler
                0x08000338                DebugMon_Handler
                0x0800033c                PendSV_Handler
 .after_vectors
                0x08000350        0x4 ./system/src/cmsis/vectors_stm32f10x.o
                0x08000350                EXTI2_IRQHandler
                0x08000350                TIM8_TRG_COM_IRQHandler
                0x08000350                TIM8_CC_IRQHandler
                0x08000350                TIM1_CC_IRQHandler
                0x08000350                TIM6_IRQHandler
                0x08000350                PVD_IRQHandler
                0x08000350                SDIO_IRQHandler
                0x08000350                CAN2_RX1_IRQHandler
                0x08000350                EXTI3_IRQHandler
                0x08000350                TIM8_TRG_COM_TIM14_IRQHandler
                0x08000350                TIM1_UP_TIM10_IRQHandler
                0x08000350                TIM8_UP_TIM13_IRQHandler
                0x08000350                EXTI0_IRQHandler
                0x08000350                I2C2_EV_IRQHandler
                0x08000350                CAN1_RX0_IRQHandler
                0x08000350                TIM1_UP_TIM16_IRQHandler
                0x08000350                CAN2_SCE_IRQHandler
                0x08000350                ADC1_2_IRQHandler
                0x08000350                SPI1_IRQHandler
                0x08000350                TAMPER_IRQHandler
                0x08000350                TIM6_DAC_IRQHandler
                0x08000350                TIM1_BRK_TIM9_IRQHandler
                0x08000350                CAN2_RX0_IRQHandler
                0x08000350                TIM8_UP_IRQHandler
                0x08000350                DMA2_Channel2_IRQHandler
                0x08000350                DMA1_Channel4_IRQHandler
                0x08000350                USART3_IRQHandler
                0x08000350                RTC_IRQHandler
                0x08000350                DMA1_Channel7_IRQHandler
                0x08000350                CAN1_RX1_IRQHandler
                0x08000350                UART5_IRQHandler
                0x08000350                ADC3_IRQHandler
                0x08000350                TIM4_IRQHandler
                0x08000350                DMA2_Channel1_IRQHandler
                0x08000350                I2C1_EV_IRQHandler
                0x08000350                DMA1_Channel6_IRQHandler
                0x08000350                UART4_IRQHandler
                0x08000350                DMA2_Channel4_IRQHandler
                0x08000350                TIM3_IRQHandler
                0x08000350                RCC_IRQHandler
                0x08000350                TIM8_BRK_TIM12_IRQHandler
                0x08000350                TIM1_TRG_COM_IRQHandler
                0x08000350                DMA1_Channel1_IRQHandler
                0x08000350                Default_Handler
                0x08000350                CEC_IRQHandler
                0x08000350                EXTI15_10_IRQHandler
                0x08000350                TIM14_IRQHandler
                0x08000350                TIM13_IRQHandler
                0x08000350                TIM12_IRQHandler
                0x08000350                TIM7_IRQHandler
                0x08000350                CAN2_TX_IRQHandler
                0x08000350                TIM5_IRQHandler
                0x08000350                EXTI9_5_IRQHandler
                0x08000350                ETH_WKUP_IRQHandler
                0x08000350                SPI2_IRQHandler
                0x08000350                CAN1_TX_IRQHandler
                0x08000350                DMA2_Channel5_IRQHandler
                0x08000350                DMA1_Channel5_IRQHandler
                0x08000350                EXTI4_IRQHandler
                0x08000350                USB_LP_CAN1_RX0_IRQHandler
                0x08000350                TIM1_TRG_COM_TIM17_IRQHandler
                0x08000350                USB_HP_CAN1_TX_IRQHandler
                0x08000350                DMA1_Channel3_IRQHandler
                0x08000350                FSMC_IRQHandler
                0x08000350                ETH_IRQHandler
                0x08000350                TIM1_UP_IRQHandler
                0x08000350                WWDG_IRQHandler
                0x08000350                TIM2_IRQHandler
                0x08000350                OTG_FS_WKUP_IRQHandler
                0x08000350                TIM1_TRG_COM_TIM11_IRQHandler
                0x08000350                TIM1_BRK_IRQHandler
                0x08000350                EXTI1_IRQHandler
                0x08000350                RTCAlarm_IRQHandler
                0x08000350                DMA2_Channel4_5_IRQHandler
                0x08000350                USART2_IRQHandler
                0x08000350                I2C2_ER_IRQHandler
                0x08000350                DMA1_Channel2_IRQHandler
                0x08000350                TIM8_BRK_IRQHandler
                0x08000350                CAN1_SCE_IRQHandler
                0x08000350                FLASH_IRQHandler
                0x08000350                USART1_IRQHandler
                0x08000350                OTG_FS_IRQHandler
                0x08000350                SPI3_IRQHandler
                0x08000350                I2C1_ER_IRQHandler
                0x08000350                USBWakeUp_IRQHandler
                0x08000350                DMA2_Channel3_IRQHandler
                0x08000350                TIM1_BRK_TIM15_IRQHandler

.inits          0x08000354       0x28
                0x08000354                __data_regions_array_start = .
                0x08000354        0x4 LONG 0x8001e8c LOADADDR (.data)
                0x08000358        0x4 LONG 0x20000000 ADDR (.data)
                0x0800035c        0x4 LONG 0x20000098 (ADDR (.data) + SIZEOF (.data))
                0x08000360        0x4 LONG 0x8001e8c LOADADDR (.data_CCMRAM)
                0x08000364        0x4 LONG 0x0 ADDR (.data_CCMRAM)
                0x08000368        0x4 LONG 0x0 (ADDR (.data_CCMRAM) + SIZEOF (.data_CCMRAM))
                0x0800036c                __data_regions_array_end = .
                0x0800036c                __bss_regions_array_start = .
                0x0800036c        0x4 LONG 0x20000098 ADDR (.bss)
                0x08000370        0x4 LONG 0x20000148 (ADDR (.bss) + SIZEOF (.bss))
                0x08000374        0x4 LONG 0x0 ADDR (.bss_CCMRAM)
                0x08000378        0x4 LONG 0x0 (ADDR (.bss_CCMRAM) + SIZEOF (.bss_CCMRAM))
                0x0800037c                __bss_regions_array_end = .
 *(.init)
 *(.fini)
                0x0800037c                . = ALIGN (0x4)
                0x0800037c                PROVIDE (__preinit_array_start, .)
 *(.preinit_array_sysinit .preinit_array_sysinit.*)
 *(.preinit_array_platform .preinit_array_platform.*)
 *(.preinit_array .preinit_array.*)
                0x0800037c                PROVIDE (__preinit_array_end, .)
                0x0800037c                . = ALIGN (0x4)
                0x0800037c                PROVIDE (__init_array_start, .)
 *(SORT(.init_array.*))
 *(.init_array)
                0x0800037c                PROVIDE (__init_array_end, .)
                0x0800037c                . = ALIGN (0x4)
                0x0800037c                PROVIDE (__fini_array_start, .)
 *(SORT(.fini_array.*))
 *(.fini_array)
                0x0800037c                PROVIDE (__fini_array_end, .)

.flashtext
 *(.flashtext .flashtext.*)

.text           0x08000380     0x1b0b
 *(.text .text.*)
 .text._exit    0x08000380        0x4 ./system/src/newlib/_exit.o
                0x08000380                _exit
 .text._sbrk    0x08000384       0x44 ./system/src/newlib/_sbrk.o
                0x08000384                _sbrk
 .text.__initialize_args
                0x080003c8       0x10 ./system/src/newlib/_syscalls.o
                0x080003c8                __initialize_args
 .text.trace_printf
                0x080003d8       0x30 ./system/src/diag/Trace.o
                0x080003d8                trace_printf
 .text._trace_write_semihosting_debug
                0x08000408       0x64 ./system/src/diag/trace_impl.o
 .text.trace_write
                0x0800046c        0x8 ./system/src/diag/trace_impl.o
                0x0800046c                trace_write
 .text.__initialize_hardware_early
                0x08000474       0x18 ./system/src/cortexm/_initialize_hardware.o
                0x08000474                __initialize_hardware_early
 .text.__initialize_hardware
                0x0800048c        0x8 ./system/src/cortexm/_initialize_hardware.o
                0x0800048c                __initialize_hardware
 .text.dumpExceptionStack
                0x08000494       0xf0 ./system/src/cortexm/exception_handlers.o
                0x08000494                dumpExceptionStack
 .text.isSemihosting
                0x08000584       0x20 ./system/src/cortexm/exception_handlers.o
                0x08000584                isSemihosting
 .text.SetSysClockTo72
                0x080005a4       0xc4 ./system/src/cmsis/system_stm32f10x.o
 .text.SetSysClock
                0x08000668        0x8 ./system/src/cmsis/system_stm32f10x.o
 .text.SystemInit
                0x08000670       0x50 ./system/src/cmsis/system_stm32f10x.o
                0x08000670                SystemInit
 .text.SystemCoreClockUpdate
                0x080006c0       0x94 ./system/src/cmsis/system_stm32f10x.o
                0x080006c0                SystemCoreClockUpdate
 .text.App1_VFunction
                0x08000754       0x2c ./src/App1.o
                0x08000754                App1_VFunction
 .text.App1_VInit
                0x08000780       0x14 ./src/App1.o
                0x08000780                App1_VInit
 .text.App2_VFunction
                0x08000794       0x2c ./src/App2.o
                0x08000794                App2_VFunction
 .text.App2_VInit
                0x080007c0       0x10 ./src/App2.o
                0x080007c0                App2_VInit
 .text.u8SetPin
                0x080007d0       0x58 ./src/GPIO_prog.o
 .text.u8RstPin
                0x08000828       0x58 ./src/GPIO_prog.o
 .text.GPIO_u8SetPinValue
                0x08000880       0x28 ./src/GPIO_prog.o
                0x08000880                GPIO_u8SetPinValue
 .text.GPIO_u8SetPinDirectionType
                0x080008a8      0x114 ./src/GPIO_prog.o
                0x080008a8                GPIO_u8SetPinDirectionType
 .text.GPIO_VInit
                0x080009bc      0x12c ./src/GPIO_prog.o
                0x080009bc                GPIO_VInit
 .text.OS_VScheduler
                0x08000ae8       0x3c ./src/OS_prog.o
                0x08000ae8                OS_VScheduler
 .text.OS_VInit
                0x08000b24       0x1c ./src/OS_prog.o
                0x08000b24                OS_VInit
 .text.OS_VEnable
                0x08000b40        0x8 ./src/OS_prog.o
                0x08000b40                OS_VEnable
 .text.OS_CreateTask
                0x08000b48       0x1c ./src/OS_prog.o
                0x08000b48                OS_CreateTask
 .text.RCC_VInit
                0x08000b64       0x24 ./src/RCC_prog.o
                0x08000b64                RCC_VInit
 .text.RCC_u8EnablePerphieral
                0x08000b88       0x4c ./src/RCC_prog.o
                0x08000b88                RCC_u8EnablePerphieral
 .text.SYSTICK_Init
                0x08000bd4       0x14 ./src/SYSTICK_prog.o
                0x08000bd4                SYSTICK_Init
 .text.SYSTICK_Enable
                0x08000be8       0x10 ./src/SYSTICK_prog.o
                0x08000be8                SYSTICK_Enable
 .text.SYSTICK_SetCallBack
                0x08000bf8        0xc ./src/SYSTICK_prog.o
                0x08000bf8                SYSTICK_SetCallBack
 *fill*         0x08000c04        0x4 
 .text.SYSTICK_SetTickTime
                0x08000c08       0x3c ./src/SYSTICK_prog.o
                0x08000c08                SYSTICK_SetTickTime
 .text.SysTick_Handler
                0x08000c44       0x10 ./src/SYSTICK_prog.o
                0x08000c44                SysTick_Handler
 .text.main     0x08000c54       0x44 ./src/main.o
                0x08000c54                main
 .text          0x08000c98      0x370 e:/iti39/embedded sessions/datasheet/arm_training/arm tools iti/arm gcc/bin/../lib/gcc/arm-none-eabi/5.4.1/armv7-m\libgcc.a(_arm_addsubdf3.o)
                0x08000c98                __aeabi_drsub
                0x08000ca0                __aeabi_dsub
                0x08000ca0                __subdf3
                0x08000ca4                __aeabi_dadd
                0x08000ca4                __adddf3
                0x08000f1c                __floatunsidf
                0x08000f1c                __aeabi_ui2d
                0x08000f3c                __floatsidf
                0x08000f3c                __aeabi_i2d
                0x08000f60                __aeabi_f2d
                0x08000f60                __extendsfdf2
                0x08000f9c                __floatundidf
                0x08000f9c                __aeabi_ul2d
                0x08000fac                __floatdidf
                0x08000fac                __aeabi_l2d
 .text          0x08001008      0x424 e:/iti39/embedded sessions/datasheet/arm_training/arm tools iti/arm gcc/bin/../lib/gcc/arm-none-eabi/5.4.1/armv7-m\libgcc.a(_arm_muldivdf3.o)
                0x08001008                __aeabi_dmul
                0x08001008                __muldf3
                0x0800125c                __divdf3
                0x0800125c                __aeabi_ddiv
 .text          0x0800142c       0x40 e:/iti39/embedded sessions/datasheet/arm_training/arm tools iti/arm gcc/bin/../lib/gcc/arm-none-eabi/5.4.1/armv7-m\libgcc.a(_arm_fixunsdfsi.o)
                0x0800142c                __aeabi_d2uiz
                0x0800142c                __fixunsdfsi
 .text.__errno  0x0800146c        0xc e:/iti39/embedded sessions/datasheet/arm_training/arm tools iti/arm gcc/bin/../lib/gcc/arm-none-eabi/5.4.1/../../../../arm-none-eabi/lib/armv7-m\libg_nano.a(lib_a-errno.o)
                0x0800146c                __errno
 .text._vsnprintf_r
                0x08001478       0x56 e:/iti39/embedded sessions/datasheet/arm_training/arm tools iti/arm gcc/bin/../lib/gcc/arm-none-eabi/5.4.1/../../../../arm-none-eabi/lib/armv7-m\libg_nano.a(lib_a-vsnprintf.o)
                0x08001478                _vsniprintf_r
                0x08001478                _vsnprintf_r
 *fill*         0x080014ce        0x2 
 .text.vsnprintf
                0x080014d0       0x1c e:/iti39/embedded sessions/datasheet/arm_training/arm tools iti/arm gcc/bin/../lib/gcc/arm-none-eabi/5.4.1/../../../../arm-none-eabi/lib/armv7-m\libg_nano.a(lib_a-vsnprintf.o)
                0x080014d0                vsniprintf
                0x080014d0                vsnprintf
 .text.__ssputs_r
                0x080014ec       0xb2 e:/iti39/embedded sessions/datasheet/arm_training/arm tools iti/arm gcc/bin/../lib/gcc/arm-none-eabi/5.4.1/../../../../arm-none-eabi/lib/armv7-m\libg_nano.a(lib_a-nano-svfprintf.o)
                0x080014ec                __ssputs_r
 *fill*         0x0800159e        0x2 
 .text._svfprintf_r
                0x080015a0      0x1e8 e:/iti39/embedded sessions/datasheet/arm_training/arm tools iti/arm gcc/bin/../lib/gcc/arm-none-eabi/5.4.1/../../../../arm-none-eabi/lib/armv7-m\libg_nano.a(lib_a-nano-svfprintf.o)
                0x080015a0                _svfiprintf_r
                0x080015a0                _svfprintf_r
 .text._printf_common
                0x08001788       0xec e:/iti39/embedded sessions/datasheet/arm_training/arm tools iti/arm gcc/bin/../lib/gcc/arm-none-eabi/5.4.1/../../../../arm-none-eabi/lib/armv7-m\libg_nano.a(lib_a-nano-vfprintf_i.o)
                0x08001788                _printf_common
 .text._printf_i
                0x08001874      0x24c e:/iti39/embedded sessions/datasheet/arm_training/arm tools iti/arm gcc/bin/../lib/gcc/arm-none-eabi/5.4.1/../../../../arm-none-eabi/lib/armv7-m\libg_nano.a(lib_a-nano-vfprintf_i.o)
                0x08001874                _printf_i
 .text.memchr   0x08001ac0       0x1c e:/iti39/embedded sessions/datasheet/arm_training/arm tools iti/arm gcc/bin/../lib/gcc/arm-none-eabi/5.4.1/../../../../arm-none-eabi/lib/armv7-m\libg_nano.a(lib_a-memchr-stub.o)
                0x08001ac0                memchr
 .text.memcpy   0x08001adc       0x16 e:/iti39/embedded sessions/datasheet/arm_training/arm tools iti/arm gcc/bin/../lib/gcc/arm-none-eabi/5.4.1/../../../../arm-none-eabi/lib/armv7-m\libg_nano.a(lib_a-memcpy-stub.o)
                0x08001adc                memcpy
 .text.memmove  0x08001af2       0x36 e:/iti39/embedded sessions/datasheet/arm_training/arm tools iti/arm gcc/bin/../lib/gcc/arm-none-eabi/5.4.1/../../../../arm-none-eabi/lib/armv7-m\libg_nano.a(lib_a-memmove.o)
                0x08001af2                memmove
 .text._free_r  0x08001b28       0x98 e:/iti39/embedded sessions/datasheet/arm_training/arm tools iti/arm gcc/bin/../lib/gcc/arm-none-eabi/5.4.1/../../../../arm-none-eabi/lib/armv7-m\libg_nano.a(lib_a-nano-freer.o)
                0x08001b28                _free_r
 .text._malloc_r
                0x08001bc0       0xbc e:/iti39/embedded sessions/datasheet/arm_training/arm tools iti/arm gcc/bin/../lib/gcc/arm-none-eabi/5.4.1/../../../../arm-none-eabi/lib/armv7-m\libg_nano.a(lib_a-nano-mallocr.o)
                0x08001bc0                _malloc_r
 .text._realloc_r
                0x08001c7c       0x4c e:/iti39/embedded sessions/datasheet/arm_training/arm tools iti/arm gcc/bin/../lib/gcc/arm-none-eabi/5.4.1/../../../../arm-none-eabi/lib/armv7-m\libg_nano.a(lib_a-nano-reallocr.o)
                0x08001c7c                _realloc_r
 .text._sbrk_r  0x08001cc8       0x20 e:/iti39/embedded sessions/datasheet/arm_training/arm tools iti/arm gcc/bin/../lib/gcc/arm-none-eabi/5.4.1/../../../../arm-none-eabi/lib/armv7-m\libg_nano.a(lib_a-sbrkr.o)
                0x08001cc8                _sbrk_r
 .text.__malloc_lock
                0x08001ce8        0x2 e:/iti39/embedded sessions/datasheet/arm_training/arm tools iti/arm gcc/bin/../lib/gcc/arm-none-eabi/5.4.1/../../../../arm-none-eabi/lib/armv7-m\libg_nano.a(lib_a-mlock.o)
                0x08001ce8                __malloc_lock
 .text.__malloc_unlock
                0x08001cea        0x2 e:/iti39/embedded sessions/datasheet/arm_training/arm tools iti/arm gcc/bin/../lib/gcc/arm-none-eabi/5.4.1/../../../../arm-none-eabi/lib/armv7-m\libg_nano.a(lib_a-mlock.o)
                0x08001cea                __malloc_unlock
 .text._malloc_usable_size_r
                0x08001cec       0x14 e:/iti39/embedded sessions/datasheet/arm_training/arm tools iti/arm gcc/bin/../lib/gcc/arm-none-eabi/5.4.1/../../../../arm-none-eabi/lib/armv7-m\libg_nano.a(lib_a-nano-msizer.o)
                0x08001cec                _malloc_usable_size_r
 *(.rodata .rodata.* .constdata .constdata.*)
 .rodata.str1.4
                0x08001d00      0x148 ./system/src/cortexm/exception_handlers.o
                                0x146 (size before relaxing)
 .rodata.Task_tApp2
                0x08001e48       0x10 ./src/App2.o
                0x08001e48                Task_tApp2
 .rodata.str1.1
                0x08001e58       0x11 e:/iti39/embedded sessions/datasheet/arm_training/arm tools iti/arm gcc/bin/../lib/gcc/arm-none-eabi/5.4.1/../../../../arm-none-eabi/lib/armv7-m\libg_nano.a(lib_a-nano-svfprintf.o)
 .rodata.str1.1
                0x08001e69       0x22 e:/iti39/embedded sessions/datasheet/arm_training/arm tools iti/arm gcc/bin/../lib/gcc/arm-none-eabi/5.4.1/../../../../arm-none-eabi/lib/armv7-m\libg_nano.a(lib_a-nano-vfprintf_i.o)
 *(vtable)
 *(.eh_frame*)
 *(.glue_7)
 .glue_7        0x08001e8b        0x0 linker stubs
 *(.glue_7t)
 .glue_7t       0x08001e8b        0x0 linker stubs

.vfp11_veneer   0x08001e8c        0x0
 .vfp11_veneer  0x08001e8c        0x0 linker stubs

.v4_bx          0x08001e8c        0x0
 .v4_bx         0x08001e8c        0x0 linker stubs

.iplt           0x08001e8c        0x0
 .iplt          0x08001e8c        0x0 ./system/src/stm32f1-stdperiph/misc.o

.rel.dyn        0x08001e8c        0x0
 .rel.iplt      0x08001e8c        0x0 ./system/src/stm32f1-stdperiph/misc.o

.ARM.extab
 *(.ARM.extab* .gnu.linkonce.armextab.*)
                0x08001e8c                . = ALIGN (0x4)
                0x08001e8c                __exidx_start = .

.ARM.exidx
 *(.ARM.exidx* .gnu.linkonce.armexidx.*)
                0x08001e8c                __exidx_end = .
                0x08001e8c                . = ALIGN (0x4)
                0x08001e8c                _etext = .
                0x08001e8c                __etext = .

.data_CCMRAM    0x00000000        0x0 load address 0x08001e8c
 FILL mask 0xff
 *(.data.CCMRAM .data.CCMRAM.*)
                0x00000000                . = ALIGN (0x4)
                0x08001e8c                _sidata = LOADADDR (.data)

.data           0x20000000       0x98 load address 0x08001e8c
 FILL mask 0xff
                0x20000000                _sdata = .
                0x20000000                __data_start__ = .
 *(.data_begin .data_begin.*)
 .data_begin    0x20000000        0x4 ./system/src/newlib/_startup.o
 *(.data .data.*)
 .data.argv.4290
                0x20000004        0x8 ./system/src/newlib/_syscalls.o
 .data.AHBPrescTable
                0x2000000c       0x10 ./system/src/cmsis/system_stm32f10x.o
                0x2000000c                AHBPrescTable
 .data.SystemCoreClock
                0x2000001c        0x4 ./system/src/cmsis/system_stm32f10x.o
                0x2000001c                SystemCoreClock
 .data.Task_tApp1
                0x20000020       0x10 ./src/App1.o
                0x20000020                Task_tApp1
 .data.impure_data
                0x20000030       0x60 e:/iti39/embedded sessions/datasheet/arm_training/arm tools iti/arm gcc/bin/../lib/gcc/arm-none-eabi/5.4.1/../../../../arm-none-eabi/lib/armv7-m\libg_nano.a(lib_a-impure.o)
 .data._impure_ptr
                0x20000090        0x4 e:/iti39/embedded sessions/datasheet/arm_training/arm tools iti/arm gcc/bin/../lib/gcc/arm-none-eabi/5.4.1/../../../../arm-none-eabi/lib/armv7-m\libg_nano.a(lib_a-impure.o)
                0x20000090                _impure_ptr
 *(.data_end .data_end.*)
 .data_end      0x20000094        0x4 ./system/src/newlib/_startup.o
                0x20000098                . = ALIGN (0x4)
                0x20000098                _edata = .
                0x20000098                __data_end__ = .

.igot.plt       0x20000098        0x0 load address 0x08001f24
 .igot.plt      0x20000098        0x0 ./system/src/stm32f1-stdperiph/misc.o

.bss_CCMRAM     0x00000000        0x0
 *(.bss.CCMRAM .bss.CCMRAM.*)

.bss            0x20000098       0xb0
                0x20000098                __bss_start__ = .
                0x20000098                _sbss = .
 *(.bss_begin .bss_begin.*)
 .bss_begin     0x20000098        0x4 ./system/src/newlib/_startup.o
 *(.bss .bss.*)
 .bss.current_heap_end.3974
                0x2000009c        0x4 ./system/src/newlib/_sbrk.o
 .bss.name.4289
                0x200000a0        0x1 ./system/src/newlib/_syscalls.o
 *fill*         0x200000a1        0x3 
 .bss.buf.5179  0x200000a4       0x80 ./system/src/diag/Trace.o
 .bss.value.3799
                0x20000124        0x1 ./src/App1.o
 .bss.value.3799
                0x20000125        0x1 ./src/App2.o
 *fill*         0x20000126        0x2 
 .bss.counter.3795
                0x20000128        0x4 ./src/OS_prog.o
 .bss.__malloc_sbrk_start
                0x2000012c        0x4 e:/iti39/embedded sessions/datasheet/arm_training/arm tools iti/arm gcc/bin/../lib/gcc/arm-none-eabi/5.4.1/../../../../arm-none-eabi/lib/armv7-m\libg_nano.a(lib_a-nano-mallocr.o)
                0x2000012c                __malloc_sbrk_start
 .bss.__malloc_free_list
                0x20000130        0x4 e:/iti39/embedded sessions/datasheet/arm_training/arm tools iti/arm gcc/bin/../lib/gcc/arm-none-eabi/5.4.1/../../../../arm-none-eabi/lib/armv7-m\libg_nano.a(lib_a-nano-mallocr.o)
                0x20000130                __malloc_free_list
 *(COMMON)
 COMMON         0x20000134        0x4 ./system/src/newlib/_syscalls.o
                0x20000134                errno
 COMMON         0x20000138        0x8 ./src/App1.o
                0x20000138                Array_Tasks
 COMMON         0x20000140        0x4 ./src/SYSTICK_prog.o
                0x20000140                CallBack
 *(.bss_end .bss_end.*)
 .bss_end       0x20000144        0x4 ./system/src/newlib/_startup.o
                0x20000148                . = ALIGN (0x4)
                0x20000148                __bss_end__ = .
                0x20000148                _ebss = .

.noinit_CCMRAM
 *(.noinit.CCMRAM .noinit.CCMRAM.*)

.noinit         0x20000148        0x0
                0x20000148                _noinit = .
 *(.noinit .noinit.*)
                0x20000148                . = ALIGN (0x4)
                0x20000148                _end_noinit = .
                [!provide]                PROVIDE (end, _end_noinit)
                [!provide]                PROVIDE (_end, _end_noinit)
                [!provide]                PROVIDE (__end, _end_noinit)
                [!provide]                PROVIDE (__end__, _end_noinit)

._check_stack   0x20000148      0x100
                0x20000248                . = (. + _Minimum_Stack_Size)
 *fill*         0x20000148      0x100 

.b1text
 *(.b1text)
 *(.b1rodata)
 *(.b1rodata.*)

.eb0text
 *(.eb0text)
 *(.eb0rodata)
 *(.eb0rodata.*)

.eb1text
 *(.eb1text)
 *(.eb1rodata)
 *(.eb1rodata.*)

.eb2text
 *(.eb2text)
 *(.eb2rodata)
 *(.eb2rodata.*)

.eb3text
 *(.eb3text)
 *(.eb3rodata)
 *(.eb3rodata.*)

.stab
 *(.stab)

.stabstr
 *(.stabstr)

.stab.excl
 *(.stab.excl)

.stab.exclstr
 *(.stab.exclstr)

.stab.index
 *(.stab.index)

.stab.indexstr
 *(.stab.indexstr)

.comment        0x00000000       0x6e
 *(.comment)
 .comment       0x00000000       0x6e ./system/src/newlib/_exit.o
                                 0x6f (size before relaxing)
 .comment       0x0000006e       0x6f ./system/src/newlib/_sbrk.o
 .comment       0x0000006e       0x6f ./system/src/newlib/_startup.o
 .comment       0x0000006e       0x6f ./system/src/newlib/_syscalls.o
 .comment       0x0000006e       0x6f ./system/src/diag/Trace.o
 .comment       0x0000006e       0x6f ./system/src/diag/trace_impl.o
 .comment       0x0000006e       0x6f ./system/src/cortexm/_initialize_hardware.o
 .comment       0x0000006e       0x6f ./system/src/cortexm/exception_handlers.o
 .comment       0x0000006e       0x6f ./system/src/cmsis/system_stm32f10x.o
 .comment       0x0000006e       0x6f ./system/src/cmsis/vectors_stm32f10x.o
 .comment       0x0000006e       0x6f ./src/App1.o
 .comment       0x0000006e       0x6f ./src/App2.o
 .comment       0x0000006e       0x6f ./src/GPIO_prog.o
 .comment       0x0000006e       0x6f ./src/OS_prog.o
 .comment       0x0000006e       0x6f ./src/RCC_prog.o
 .comment       0x0000006e       0x6f ./src/SYSTICK_prog.o
 .comment       0x0000006e       0x6f ./src/main.o

.ARM.attributes
                0x00000000       0x31
 .ARM.attributes
                0x00000000       0x33 ./system/src/newlib/_exit.o
 .ARM.attributes
                0x00000033       0x33 ./system/src/newlib/_sbrk.o
 .ARM.attributes
                0x00000066       0x33 ./system/src/newlib/_startup.o
 .ARM.attributes
                0x00000099       0x33 ./system/src/newlib/_syscalls.o
 .ARM.attributes
                0x000000cc       0x33 ./system/src/diag/Trace.o
 .ARM.attributes
                0x000000ff       0x33 ./system/src/diag/trace_impl.o
 .ARM.attributes
                0x00000132       0x33 ./system/src/cortexm/_initialize_hardware.o
 .ARM.attributes
                0x00000165       0x33 ./system/src/cortexm/exception_handlers.o
 .ARM.attributes
                0x00000198       0x33 ./system/src/cmsis/system_stm32f10x.o
 .ARM.attributes
                0x000001cb       0x33 ./system/src/cmsis/vectors_stm32f10x.o
 .ARM.attributes
                0x000001fe       0x33 ./src/App1.o
 .ARM.attributes
                0x00000231       0x33 ./src/App2.o
 .ARM.attributes
                0x00000264       0x33 ./src/GPIO_prog.o
 .ARM.attributes
                0x00000297       0x33 ./src/OS_prog.o
 .ARM.attributes
                0x000002ca       0x33 ./src/RCC_prog.o
 .ARM.attributes
                0x000002fd       0x33 ./src/SYSTICK_prog.o
 .ARM.attributes
                0x00000330       0x33 ./src/main.o
 .ARM.attributes
                0x00000363       0x1d e:/iti39/embedded sessions/datasheet/arm_training/arm tools iti/arm gcc/bin/../lib/gcc/arm-none-eabi/5.4.1/armv7-m\libgcc.a(_arm_addsubdf3.o)
 .ARM.attributes
                0x00000380       0x1d e:/iti39/embedded sessions/datasheet/arm_training/arm tools iti/arm gcc/bin/../lib/gcc/arm-none-eabi/5.4.1/armv7-m\libgcc.a(_arm_muldivdf3.o)
 .ARM.attributes
                0x0000039d       0x1d e:/iti39/embedded sessions/datasheet/arm_training/arm tools iti/arm gcc/bin/../lib/gcc/arm-none-eabi/5.4.1/armv7-m\libgcc.a(_arm_fixunsdfsi.o)
 .ARM.attributes
                0x000003ba       0x2d e:/iti39/embedded sessions/datasheet/arm_training/arm tools iti/arm gcc/bin/../lib/gcc/arm-none-eabi/5.4.1/../../../../arm-none-eabi/lib/armv7-m\libg_nano.a(lib_a-errno.o)
 .ARM.attributes
                0x000003e7       0x2d e:/iti39/embedded sessions/datasheet/arm_training/arm tools iti/arm gcc/bin/../lib/gcc/arm-none-eabi/5.4.1/../../../../arm-none-eabi/lib/armv7-m\libg_nano.a(lib_a-impure.o)
 .ARM.attributes
                0x00000414       0x2d e:/iti39/embedded sessions/datasheet/arm_training/arm tools iti/arm gcc/bin/../lib/gcc/arm-none-eabi/5.4.1/../../../../arm-none-eabi/lib/armv7-m\libg_nano.a(lib_a-vsnprintf.o)
 .ARM.attributes
                0x00000441       0x2d e:/iti39/embedded sessions/datasheet/arm_training/arm tools iti/arm gcc/bin/../lib/gcc/arm-none-eabi/5.4.1/../../../../arm-none-eabi/lib/armv7-m\libg_nano.a(lib_a-nano-svfprintf.o)
 .ARM.attributes
                0x0000046e       0x2d e:/iti39/embedded sessions/datasheet/arm_training/arm tools iti/arm gcc/bin/../lib/gcc/arm-none-eabi/5.4.1/../../../../arm-none-eabi/lib/armv7-m\libg_nano.a(lib_a-nano-vfprintf_i.o)
 .ARM.attributes
                0x0000049b       0x2d e:/iti39/embedded sessions/datasheet/arm_training/arm tools iti/arm gcc/bin/../lib/gcc/arm-none-eabi/5.4.1/../../../../arm-none-eabi/lib/armv7-m\libg_nano.a(lib_a-memchr-stub.o)
 .ARM.attributes
                0x000004c8       0x2d e:/iti39/embedded sessions/datasheet/arm_training/arm tools iti/arm gcc/bin/../lib/gcc/arm-none-eabi/5.4.1/../../../../arm-none-eabi/lib/armv7-m\libg_nano.a(lib_a-memcpy-stub.o)
 .ARM.attributes
                0x000004f5       0x2d e:/iti39/embedded sessions/datasheet/arm_training/arm tools iti/arm gcc/bin/../lib/gcc/arm-none-eabi/5.4.1/../../../../arm-none-eabi/lib/armv7-m\libg_nano.a(lib_a-memmove.o)
 .ARM.attributes
                0x00000522       0x2d e:/iti39/embedded sessions/datasheet/arm_training/arm tools iti/arm gcc/bin/../lib/gcc/arm-none-eabi/5.4.1/../../../../arm-none-eabi/lib/armv7-m\libg_nano.a(lib_a-nano-freer.o)
 .ARM.attributes
                0x0000054f       0x2d e:/iti39/embedded sessions/datasheet/arm_training/arm tools iti/arm gcc/bin/../lib/gcc/arm-none-eabi/5.4.1/../../../../arm-none-eabi/lib/armv7-m\libg_nano.a(lib_a-nano-mallocr.o)
 .ARM.attributes
                0x0000057c       0x2d e:/iti39/embedded sessions/datasheet/arm_training/arm tools iti/arm gcc/bin/../lib/gcc/arm-none-eabi/5.4.1/../../../../arm-none-eabi/lib/armv7-m\libg_nano.a(lib_a-nano-reallocr.o)
 .ARM.attributes
                0x000005a9       0x2d e:/iti39/embedded sessions/datasheet/arm_training/arm tools iti/arm gcc/bin/../lib/gcc/arm-none-eabi/5.4.1/../../../../arm-none-eabi/lib/armv7-m\libg_nano.a(lib_a-sbrkr.o)
 .ARM.attributes
                0x000005d6       0x2d e:/iti39/embedded sessions/datasheet/arm_training/arm tools iti/arm gcc/bin/../lib/gcc/arm-none-eabi/5.4.1/../../../../arm-none-eabi/lib/armv7-m\libg_nano.a(lib_a-mlock.o)
 .ARM.attributes
                0x00000603       0x2d e:/iti39/embedded sessions/datasheet/arm_training/arm tools iti/arm gcc/bin/../lib/gcc/arm-none-eabi/5.4.1/../../../../arm-none-eabi/lib/armv7-m\libg_nano.a(lib_a-nano-msizer.o)

.debug
 *(.debug)

.line
 *(.line)

.debug_srcinfo
 *(.debug_srcinfo)

.debug_sfnames
 *(.debug_sfnames)

.debug_aranges  0x00000000      0x3b8
 *(.debug_aranges)
 .debug_aranges
                0x00000000       0x28 ./system/src/newlib/_exit.o
 .debug_aranges
                0x00000028       0x20 ./system/src/newlib/_sbrk.o
 .debug_aranges
                0x00000048       0x40 ./system/src/newlib/_startup.o
 .debug_aranges
                0x00000088       0x30 ./system/src/newlib/_syscalls.o
 .debug_aranges
                0x000000b8       0x38 ./system/src/diag/Trace.o
 .debug_aranges
                0x000000f0       0x30 ./system/src/diag/trace_impl.o
 .debug_aranges
                0x00000120       0x28 ./system/src/cortexm/_initialize_hardware.o
 .debug_aranges
                0x00000148       0x90 ./system/src/cortexm/exception_handlers.o
 .debug_aranges
                0x000001d8       0x38 ./system/src/cmsis/system_stm32f10x.o
 .debug_aranges
                0x00000210       0x20 ./system/src/cmsis/vectors_stm32f10x.o
 .debug_aranges
                0x00000230       0x28 ./src/App1.o
 .debug_aranges
                0x00000258       0x28 ./src/App2.o
 .debug_aranges
                0x00000280       0x58 ./src/GPIO_prog.o
 .debug_aranges
                0x000002d8       0x38 ./src/OS_prog.o
 .debug_aranges
                0x00000310       0x28 ./src/RCC_prog.o
 .debug_aranges
                0x00000338       0x50 ./src/SYSTICK_prog.o
 .debug_aranges
                0x00000388       0x30 ./src/main.o

.debug_pubnames
 *(.debug_pubnames)

.debug_info     0x00000000     0x35aa
 *(.debug_info .gnu.linkonce.wi.*)
 .debug_info    0x00000000       0xef ./system/src/newlib/_exit.o
 .debug_info    0x000000ef      0x11f ./system/src/newlib/_sbrk.o
 .debug_info    0x0000020e      0x455 ./system/src/newlib/_startup.o
 .debug_info    0x00000663      0x1c7 ./system/src/newlib/_syscalls.o
 .debug_info    0x0000082a      0x2e7 ./system/src/diag/Trace.o
 .debug_info    0x00000b11      0x30b ./system/src/diag/trace_impl.o
 .debug_info    0x00000e1c      0x2b1 ./system/src/cortexm/_initialize_hardware.o
 .debug_info    0x000010cd      0x8da ./system/src/cortexm/exception_handlers.o
 .debug_info    0x000019a7      0x497 ./system/src/cmsis/system_stm32f10x.o
 .debug_info    0x00001e3e       0xd1 ./system/src/cmsis/vectors_stm32f10x.o
 .debug_info    0x00001f0f      0x1ac ./src/App1.o
 .debug_info    0x000020bb      0x1b6 ./src/App2.o
 .debug_info    0x00002271      0x8f8 ./src/GPIO_prog.o
 .debug_info    0x00002b69      0x216 ./src/OS_prog.o
 .debug_info    0x00002d7f      0x369 ./src/RCC_prog.o
 .debug_info    0x000030e8      0x1dc ./src/SYSTICK_prog.o
 .debug_info    0x000032c4      0x2e6 ./src/main.o

.debug_abbrev   0x00000000     0x13fd
 *(.debug_abbrev)
 .debug_abbrev  0x00000000       0x8e ./system/src/newlib/_exit.o
 .debug_abbrev  0x0000008e       0xb9 ./system/src/newlib/_sbrk.o
 .debug_abbrev  0x00000147      0x1ac ./system/src/newlib/_startup.o
 .debug_abbrev  0x000002f3       0xec ./system/src/newlib/_syscalls.o
 .debug_abbrev  0x000003df      0x156 ./system/src/diag/Trace.o
 .debug_abbrev  0x00000535      0x1c8 ./system/src/diag/trace_impl.o
 .debug_abbrev  0x000006fd       0xea ./system/src/cortexm/_initialize_hardware.o
 .debug_abbrev  0x000007e7      0x247 ./system/src/cortexm/exception_handlers.o
 .debug_abbrev  0x00000a2e      0x159 ./system/src/cmsis/system_stm32f10x.o
 .debug_abbrev  0x00000b87       0x9d ./system/src/cmsis/vectors_stm32f10x.o
 .debug_abbrev  0x00000c24       0xe9 ./src/App1.o
 .debug_abbrev  0x00000d0d       0xf0 ./src/App2.o
 .debug_abbrev  0x00000dfd      0x183 ./src/GPIO_prog.o
 .debug_abbrev  0x00000f80      0x157 ./src/OS_prog.o
 .debug_abbrev  0x000010d7       0xd7 ./src/RCC_prog.o
 .debug_abbrev  0x000011ae      0x133 ./src/SYSTICK_prog.o
 .debug_abbrev  0x000012e1      0x11c ./src/main.o

.debug_line     0x00000000     0x2f42
 *(.debug_line)
 .debug_line    0x00000000      0x379 ./system/src/newlib/_exit.o
 .debug_line    0x00000379      0x32a ./system/src/newlib/_sbrk.o
 .debug_line    0x000006a3      0x3e0 ./system/src/newlib/_startup.o
 .debug_line    0x00000a83      0x454 ./system/src/newlib/_syscalls.o
 .debug_line    0x00000ed7      0x3e7 ./system/src/diag/Trace.o
 .debug_line    0x000012be      0x65f ./system/src/diag/trace_impl.o
 .debug_line    0x0000191d      0x382 ./system/src/cortexm/_initialize_hardware.o
 .debug_line    0x00001c9f      0x708 ./system/src/cortexm/exception_handlers.o
 .debug_line    0x000023a7      0x3e2 ./system/src/cmsis/system_stm32f10x.o
 .debug_line    0x00002789      0x112 ./system/src/cmsis/vectors_stm32f10x.o
 .debug_line    0x0000289b       0x90 ./src/App1.o
 .debug_line    0x0000292b       0x90 ./src/App2.o
 .debug_line    0x000029bb      0x1db ./src/GPIO_prog.o
 .debug_line    0x00002b96       0xcd ./src/OS_prog.o
 .debug_line    0x00002c63       0xdb ./src/RCC_prog.o
 .debug_line    0x00002d3e      0x102 ./src/SYSTICK_prog.o
 .debug_line    0x00002e40      0x102 ./src/main.o

.debug_frame    0x00000000      0x9dc
 *(.debug_frame)
 .debug_frame   0x00000000       0x38 ./system/src/newlib/_exit.o
 .debug_frame   0x00000038       0x28 ./system/src/newlib/_sbrk.o
 .debug_frame   0x00000060       0x7c ./system/src/newlib/_startup.o
 .debug_frame   0x000000dc       0x50 ./system/src/newlib/_syscalls.o
 .debug_frame   0x0000012c       0x94 ./system/src/diag/Trace.o
 .debug_frame   0x000001c0       0x60 ./system/src/diag/trace_impl.o
 .debug_frame   0x00000220       0x40 ./system/src/cortexm/_initialize_hardware.o
 .debug_frame   0x00000260      0x158 ./system/src/cortexm/exception_handlers.o
 .debug_frame   0x000003b8       0x68 ./system/src/cmsis/system_stm32f10x.o
 .debug_frame   0x00000420       0x20 ./system/src/cmsis/vectors_stm32f10x.o
 .debug_frame   0x00000440       0x40 ./src/App1.o
 .debug_frame   0x00000480       0x40 ./src/App2.o
 .debug_frame   0x000004c0       0xb0 ./src/GPIO_prog.o
 .debug_frame   0x00000570       0x68 ./src/OS_prog.o
 .debug_frame   0x000005d8       0x30 ./src/RCC_prog.o
 .debug_frame   0x00000608       0x90 ./src/SYSTICK_prog.o
 .debug_frame   0x00000698       0x58 ./src/main.o
 .debug_frame   0x000006f0       0x20 e:/iti39/embedded sessions/datasheet/arm_training/arm tools iti/arm gcc/bin/../lib/gcc/arm-none-eabi/5.4.1/../../../../arm-none-eabi/lib/armv7-m\libg_nano.a(lib_a-errno.o)
 .debug_frame   0x00000710       0x48 e:/iti39/embedded sessions/datasheet/arm_training/arm tools iti/arm gcc/bin/../lib/gcc/arm-none-eabi/5.4.1/../../../../arm-none-eabi/lib/armv7-m\libg_nano.a(lib_a-vsnprintf.o)
 .debug_frame   0x00000758       0x90 e:/iti39/embedded sessions/datasheet/arm_training/arm tools iti/arm gcc/bin/../lib/gcc/arm-none-eabi/5.4.1/../../../../arm-none-eabi/lib/armv7-m\libg_nano.a(lib_a-nano-svfprintf.o)
 .debug_frame   0x000007e8       0x60 e:/iti39/embedded sessions/datasheet/arm_training/arm tools iti/arm gcc/bin/../lib/gcc/arm-none-eabi/5.4.1/../../../../arm-none-eabi/lib/armv7-m\libg_nano.a(lib_a-nano-vfprintf_i.o)
 .debug_frame   0x00000848       0x28 e:/iti39/embedded sessions/datasheet/arm_training/arm tools iti/arm gcc/bin/../lib/gcc/arm-none-eabi/5.4.1/../../../../arm-none-eabi/lib/armv7-m\libg_nano.a(lib_a-memchr-stub.o)
 .debug_frame   0x00000870       0x28 e:/iti39/embedded sessions/datasheet/arm_training/arm tools iti/arm gcc/bin/../lib/gcc/arm-none-eabi/5.4.1/../../../../arm-none-eabi/lib/armv7-m\libg_nano.a(lib_a-memcpy-stub.o)
 .debug_frame   0x00000898       0x28 e:/iti39/embedded sessions/datasheet/arm_training/arm tools iti/arm gcc/bin/../lib/gcc/arm-none-eabi/5.4.1/../../../../arm-none-eabi/lib/armv7-m\libg_nano.a(lib_a-memmove.o)
 .debug_frame   0x000008c0       0x38 e:/iti39/embedded sessions/datasheet/arm_training/arm tools iti/arm gcc/bin/../lib/gcc/arm-none-eabi/5.4.1/../../../../arm-none-eabi/lib/armv7-m\libg_nano.a(lib_a-nano-freer.o)
 .debug_frame   0x000008f8       0x2c e:/iti39/embedded sessions/datasheet/arm_training/arm tools iti/arm gcc/bin/../lib/gcc/arm-none-eabi/5.4.1/../../../../arm-none-eabi/lib/armv7-m\libg_nano.a(lib_a-nano-mallocr.o)
 .debug_frame   0x00000924       0x3c e:/iti39/embedded sessions/datasheet/arm_training/arm tools iti/arm gcc/bin/../lib/gcc/arm-none-eabi/5.4.1/../../../../arm-none-eabi/lib/armv7-m\libg_nano.a(lib_a-nano-reallocr.o)
 .debug_frame   0x00000960       0x2c e:/iti39/embedded sessions/datasheet/arm_training/arm tools iti/arm gcc/bin/../lib/gcc/arm-none-eabi/5.4.1/../../../../arm-none-eabi/lib/armv7-m\libg_nano.a(lib_a-sbrkr.o)
 .debug_frame   0x0000098c       0x30 e:/iti39/embedded sessions/datasheet/arm_training/arm tools iti/arm gcc/bin/../lib/gcc/arm-none-eabi/5.4.1/../../../../arm-none-eabi/lib/armv7-m\libg_nano.a(lib_a-mlock.o)
 .debug_frame   0x000009bc       0x20 e:/iti39/embedded sessions/datasheet/arm_training/arm tools iti/arm gcc/bin/../lib/gcc/arm-none-eabi/5.4.1/../../../../arm-none-eabi/lib/armv7-m\libg_nano.a(lib_a-nano-msizer.o)

.debug_str      0x00000000    0x56a9d
 *(.debug_str)
 .debug_str     0x00000000     0x6d3a ./system/src/newlib/_exit.o
                               0x6eac (size before relaxing)
 .debug_str     0x00006d3a      0x4de ./system/src/newlib/_sbrk.o
                               0x6297 (size before relaxing)
 .debug_str     0x00007218      0xbc3 ./system/src/newlib/_startup.o
                               0x5e4c (size before relaxing)
 .debug_str     0x00007ddb      0xe18 ./system/src/newlib/_syscalls.o
                               0x70f7 (size before relaxing)
 .debug_str     0x00008bf3      0x890 ./system/src/diag/Trace.o
                               0x769c (size before relaxing)
 .debug_str     0x00009483    0x4b2af ./system/src/diag/trace_impl.o
                              0x51e5e (size before relaxing)
 .debug_str     0x00054732       0xc4 ./system/src/cortexm/_initialize_hardware.o
                              0x4e018 (size before relaxing)
 .debug_str     0x000547f6      0x1a6 ./system/src/cortexm/exception_handlers.o
                              0x52c20 (size before relaxing)
 .debug_str     0x0005499c       0xf8 ./system/src/cmsis/system_stm32f10x.o
                              0x4e0c2 (size before relaxing)
 .debug_str     0x00054a94       0x57 ./system/src/cmsis/vectors_stm32f10x.o
                               0x3067 (size before relaxing)
 .debug_str     0x00054aeb      0x54f ./src/App1.o
                               0x2b34 (size before relaxing)
 .debug_str     0x0005503a       0x3c ./src/App2.o
                               0x2b2b (size before relaxing)
 .debug_str     0x00055076     0x11a1 ./src/GPIO_prog.o
                               0x3c07 (size before relaxing)
 .debug_str     0x00056217       0xe9 ./src/OS_prog.o
                               0x274c (size before relaxing)
 .debug_str     0x00056300      0x537 ./src/RCC_prog.o
                               0x3aed (size before relaxing)
 .debug_str     0x00056837      0x241 ./src/SYSTICK_prog.o
                               0x28c4 (size before relaxing)
 .debug_str     0x00056a78       0x25 ./src/main.o
                               0x3b1e (size before relaxing)

.debug_loc      0x00000000     0x122c
 *(.debug_loc)
 .debug_loc     0x00000000       0x82 ./system/src/newlib/_sbrk.o
 .debug_loc     0x00000082      0x265 ./system/src/newlib/_startup.o
 .debug_loc     0x000002e7       0x63 ./system/src/newlib/_syscalls.o
 .debug_loc     0x0000034a      0x102 ./system/src/diag/Trace.o
 .debug_loc     0x0000044c      0x17c ./system/src/diag/trace_impl.o
 .debug_loc     0x000005c8      0x2a8 ./system/src/cortexm/exception_handlers.o
 .debug_loc     0x00000870       0xdf ./system/src/cmsis/system_stm32f10x.o
 .debug_loc     0x0000094f      0x6cb ./src/GPIO_prog.o
 .debug_loc     0x0000101a       0xb4 ./src/OS_prog.o
 .debug_loc     0x000010ce       0xa4 ./src/RCC_prog.o
 .debug_loc     0x00001172       0xba ./src/SYSTICK_prog.o

.debug_macinfo
 *(.debug_macinfo)

.debug_weaknames
 *(.debug_weaknames)

.debug_funcnames
 *(.debug_funcnames)

.debug_typenames
 *(.debug_typenames)

.debug_varnames
 *(.debug_varnames)
OUTPUT(OS_Driver.elf elf32-littlearm)

.debug_ranges   0x00000000      0x2f0
 .debug_ranges  0x00000000       0x18 ./system/src/newlib/_exit.o
 .debug_ranges  0x00000018       0x10 ./system/src/newlib/_sbrk.o
 .debug_ranges  0x00000028       0x48 ./system/src/newlib/_startup.o
 .debug_ranges  0x00000070       0x20 ./system/src/newlib/_syscalls.o
 .debug_ranges  0x00000090       0x28 ./system/src/diag/Trace.o
 .debug_ranges  0x000000b8       0x38 ./system/src/diag/trace_impl.o
 .debug_ranges  0x000000f0       0x18 ./system/src/cortexm/_initialize_hardware.o
 .debug_ranges  0x00000108       0x98 ./system/src/cortexm/exception_handlers.o
 .debug_ranges  0x000001a0       0x28 ./system/src/cmsis/system_stm32f10x.o
 .debug_ranges  0x000001c8       0x10 ./system/src/cmsis/vectors_stm32f10x.o
 .debug_ranges  0x000001d8       0x18 ./src/App1.o
 .debug_ranges  0x000001f0       0x18 ./src/App2.o
 .debug_ranges  0x00000208       0x48 ./src/GPIO_prog.o
 .debug_ranges  0x00000250       0x28 ./src/OS_prog.o
 .debug_ranges  0x00000278       0x18 ./src/RCC_prog.o
 .debug_ranges  0x00000290       0x40 ./src/SYSTICK_prog.o
 .debug_ranges  0x000002d0       0x20 ./src/main.o

.debug_macro    0x00000000     0x2e5f
 .debug_macro   0x00000000      0x19c ./system/src/newlib/_exit.o
 .debug_macro   0x0000019c       0x9c ./system/src/newlib/_exit.o
 .debug_macro   0x00000238      0x10e ./system/src/newlib/_exit.o
 .debug_macro   0x00000346       0x8d ./system/src/newlib/_exit.o
 .debug_macro   0x000003d3       0x43 ./system/src/newlib/_exit.o
 .debug_macro   0x00000416      0x30d ./system/src/newlib/_exit.o
 .debug_macro   0x00000723       0x35 ./system/src/newlib/_exit.o
 .debug_macro   0x00000758      0x151 ./system/src/newlib/_sbrk.o
 .debug_macro   0x000008a9      0x174 ./system/src/newlib/_sbrk.o
 .debug_macro   0x00000a1d       0x10 ./system/src/newlib/_sbrk.o
 .debug_macro   0x00000a2d      0x23b ./system/src/newlib/_sbrk.o
 .debug_macro   0x00000c68      0x15b ./system/src/newlib/_startup.o
 .debug_macro   0x00000dc3      0x1ff ./system/src/newlib/_syscalls.o
 .debug_macro   0x00000fc2       0x1c ./system/src/newlib/_syscalls.o
 .debug_macro   0x00000fde       0x10 ./system/src/newlib/_syscalls.o
 .debug_macro   0x00000fee       0x10 ./system/src/newlib/_syscalls.o
 .debug_macro   0x00000ffe       0x10 ./system/src/newlib/_syscalls.o
 .debug_macro   0x0000100e       0x35 ./system/src/newlib/_syscalls.o
 .debug_macro   0x00001043      0x122 ./system/src/newlib/_syscalls.o
 .debug_macro   0x00001165       0x88 ./system/src/newlib/_syscalls.o
 .debug_macro   0x000011ed       0x2b ./system/src/newlib/_syscalls.o
 .debug_macro   0x00001218      0x118 ./system/src/newlib/_syscalls.o
 .debug_macro   0x00001330      0x159 ./system/src/newlib/_syscalls.o
 .debug_macro   0x00001489       0x16 ./system/src/newlib/_syscalls.o
 .debug_macro   0x0000149f      0x1d9 ./system/src/diag/Trace.o
 .debug_macro   0x00001678       0x16 ./system/src/diag/Trace.o
 .debug_macro   0x0000168e       0x97 ./system/src/diag/Trace.o
 .debug_macro   0x00001725       0xfd ./system/src/diag/Trace.o
 .debug_macro   0x00001822       0x10 ./system/src/diag/Trace.o
 .debug_macro   0x00001832       0x16 ./system/src/diag/Trace.o
 .debug_macro   0x00001848      0x18b ./system/src/diag/Trace.o
 .debug_macro   0x000019d3       0x4c ./system/src/diag/Trace.o
 .debug_macro   0x00001a1f       0x16 ./system/src/diag/Trace.o
 .debug_macro   0x00001a35      0x2c2 ./system/src/diag/trace_impl.o
 .debug_macro   0x00001cf7       0x10 ./system/src/diag/trace_impl.o
 .debug_macro   0x00001d07       0xcf ./system/src/diag/trace_impl.o
 .debug_macro   0x00001dd6       0xbe ./system/src/diag/trace_impl.o
 .debug_macro   0x00001e94       0x22 ./system/src/diag/trace_impl.o
 .debug_macro   0x00001eb6      0x16b ./system/src/cortexm/_initialize_hardware.o
 .debug_macro   0x00002021      0x302 ./system/src/cortexm/exception_handlers.o
 .debug_macro   0x00002323       0x3b ./system/src/cortexm/exception_handlers.o
 .debug_macro   0x0000235e       0x10 ./system/src/cortexm/exception_handlers.o
 .debug_macro   0x0000236e      0x16e ./system/src/cmsis/system_stm32f10x.o
 .debug_macro   0x000024dc       0x34 ./system/src/cmsis/vectors_stm32f10x.o
 .debug_macro   0x00002510       0x42 ./src/App1.o
 .debug_macro   0x00002552       0x28 ./src/App1.o
 .debug_macro   0x0000257a      0x194 ./src/App1.o
 .debug_macro   0x0000270e       0x10 ./src/App1.o
 .debug_macro   0x0000271e       0x3c ./src/App2.o
 .debug_macro   0x0000275a       0x3e ./src/GPIO_prog.o
 .debug_macro   0x00002798       0x46 ./src/GPIO_prog.o
 .debug_macro   0x000027de      0x19a ./src/GPIO_prog.o
 .debug_macro   0x00002978       0x28 ./src/GPIO_prog.o
 .debug_macro   0x000029a0      0x1cc ./src/GPIO_prog.o
 .debug_macro   0x00002b6c       0x33 ./src/OS_prog.o
 .debug_macro   0x00002b9f       0x59 ./src/RCC_prog.o
 .debug_macro   0x00002bf8       0x1c ./src/RCC_prog.o
 .debug_macro   0x00002c14       0x40 ./src/RCC_prog.o
 .debug_macro   0x00002c54       0xf4 ./src/RCC_prog.o
 .debug_macro   0x00002d48       0x4d ./src/SYSTICK_prog.o
 .debug_macro   0x00002d95       0x1c ./src/SYSTICK_prog.o
 .debug_macro   0x00002db1       0x34 ./src/SYSTICK_prog.o
 .debug_macro   0x00002de5       0x10 ./src/SYSTICK_prog.o
 .debug_macro   0x00002df5       0x6a ./src/main.o
